****************************************
Report : Averaged Power
Design : c5315
Version: O-2018.06-SP4
Date   : Fri Jul  9 11:05:09 2021
****************************************



  Attributes
  ----------
      i  -  Including register clock pin internal power
      u  -  User defined power group

                        Internal  Switching  Leakage    Total
Power Group             Power     Power      Power      Power   (     %)  Attrs
--------------------------------------------------------------------------------
clock_network              0.0000    0.0000    0.0000    0.0000 ( 0.00%)  i
register                   0.0000    0.0000    0.0000    0.0000 ( 0.00%)  
combinational           1.079e-04 5.214e-04 4.998e-09 6.293e-04 (100.00%) 
sequential                 0.0000    0.0000    0.0000    0.0000 ( 0.00%)  
memory                     0.0000    0.0000    0.0000    0.0000 ( 0.00%)  
io_pad                     0.0000    0.0000    0.0000    0.0000 ( 0.00%)  
black_box                  0.0000    0.0000    0.0000    0.0000 ( 0.00%)  

  Net Switching Power  = 5.214e-04   (82.86%)
  Cell Internal Power  = 1.079e-04   (17.14%)
  Cell Leakage Power   = 4.998e-09   ( 0.00%)
                         ---------
Total Power            = 6.293e-04  (100.00%)

1
